




1.git status(after edited)--not staged
gary@gary-Rev-1-0:~/learngit$ git status
On branch master
Changes not staged for commit:
  (use "git add <file>..." to update what will be committed)
  (use "git checkout -- <file>..." to discard changes in working directory)

	modified:   readme.txt

no changes added to commit (use "git add" and/or "git commit -a")

2. git diff(see the difference)

gary@gary-Rev-1-0:~/learngit$ git diff readme.txt
diff --git a/readme.txt b/readme.txt
index ffc2071..87d42c3 100644
--- a/readme.txt
+++ b/readme.txt
@@ -1,5 +1,5 @@
 
3. git add

4. see status(git status)--Again --ready to commit

gary@gary-Rev-1-0:~/learngit$ git add readme.txt
gary@gary-Rev-1-0:~/learngit$ git status
On branch master
Changes to be committed:
  (use "git reset HEAD <file>..." to unstage)

	modified:   readme.txt

5. git commit

6. to see status(clean)

gary@gary-Rev-1-0:~/learngit$ git status
On branch master
nothing to commit, working directory clean

gary@gary-Rev-1-0:~/learngit$ git status
On branch master
Changes to be committed:
  (use "git reset HEAD <file>..." to unstage)

	new file:   LICENSE
	modified:   readme.txt


